// Jest Snapshot v1, https://goo.gl/fbAQLP

exports[`App Snapshot 1`] = `
App {
  "$$": {
    "after_update": [],
    "before_update": [],
    "bound": {},
    "callbacks": {},
    "context": Map {},
    "ctx": [],
    "dirty": [
      -1,
    ],
    "fragment": {
      "c": [Function],
      "d": [Function],
      "i": [Function],
      "l": [Function],
      "m": [Function],
      "o": [Function],
      "p": [Function],
    },
    "not_equal": [Function],
    "on_destroy": [
      [Function],
    ],
    "on_disconnect": [],
    "on_mount": [],
    "props": {},
    "root": <div />,
    "skip_bound": false,
    "update": [Function],
  },
  "$capture_state": [Function],
}
`;
